Windows PowerShell
Copyright (C) Microsoft Corporation. All rights reserved.

Install the latest PowerShell for new features and improvements! https://aka.ms/PSWindows

PS C:\Users\Aditya> dotnet

Usage: dotnet [options]
Usage: dotnet [path-to-application]

Options:
  -h|--help         Display help.
  --info            Display .NET information.
  --list-sdks       Display the installed SDKs.
  --list-runtimes   Display the installed runtimes.

path-to-application:
  The path to an application .dll file to execute.
PS C:\Users\Aditya> dotnet --version
8.0.405
PS C:\Users\Aditya> dotnet -h

Welcome to .NET 8.0!
---------------------
SDK Version: 8.0.405

Telemetry
---------
The .NET tools collect usage data in order to help us improve your experience. It is collected by Microsoft and shared with the community. You can opt-out of telemetry by setting the DOTNET_CLI_TELEMETRY_OPTOUT environment variable to '1' or 'true' using your favorite shell.

Read more about .NET CLI Tools telemetry: https://aka.ms/dotnet-cli-telemetry

----------------
Installed an ASP.NET Core HTTPS development certificate.
To trust the certificate, run 'dotnet dev-certs https --trust'
Learn about HTTPS: https://aka.ms/dotnet-https

----------------
Write your first app: https://aka.ms/dotnet-hello-world
Find out what's new: https://aka.ms/dotnet-whats-new
Explore documentation: https://aka.ms/dotnet-docs
Report issues and find source on GitHub: https://github.com/dotnet/core
Use 'dotnet --help' to see available commands or visit: https://aka.ms/dotnet-cli
--------------------------------------------------------------------------------------
Usage: dotnet [runtime-options] [path-to-application] [arguments]

Execute a .NET application.

runtime-options:
  --additionalprobingpath <path>   Path containing probing policy and assemblies to probe for.
  --additional-deps <path>         Path to additional deps.json file.
  --depsfile                       Path to <application>.deps.json file.
  --fx-version <version>           Version of the installed Shared Framework to use to run the application.
  --roll-forward <setting>         Roll forward to framework version  (LatestPatch, Minor, LatestMinor, Major, LatestMajor, Disable).
  --runtimeconfig                  Path to <application>.runtimeconfig.json file.

path-to-application:
  The path to an application .dll file to execute.

Usage: dotnet [sdk-options] [command] [command-options] [arguments]

Execute a .NET SDK command.

sdk-options:
  -d|--diagnostics  Enable diagnostic output.
  -h|--help         Show command line help.
  --info            Display .NET information.
  --list-runtimes   Display the installed runtimes.
  --list-sdks       Display the installed SDKs.
  --version         Display .NET SDK version in use.

SDK commands:
  add               Add a package or reference to a .NET project.
  build             Build a .NET project.
  build-server      Interact with servers started by a build.
  clean             Clean build outputs of a .NET project.
  format            Apply style preferences to a project or solution.
  help              Show command line help.
  list              List project references of a .NET project.
  msbuild           Run Microsoft Build Engine (MSBuild) commands.
  new               Create a new .NET project or file.
  nuget             Provides additional NuGet commands.
  pack              Create a NuGet package.
  publish           Publish a .NET project for deployment.
  remove            Remove a package or reference from a .NET project.
  restore           Restore dependencies specified in a .NET project.
  run               Build and run a .NET project output.
  sdk               Manage .NET SDK installation.
  sln               Modify Visual Studio solution files.
  store             Store the specified assemblies in the runtime package store.
  test              Run unit tests using the test runner specified in a .NET project.
  tool              Install or manage tools that extend the .NET experience.
  vstest            Run Microsoft Test Engine (VSTest) commands.
  workload          Manage optional workloads.

Additional commands from bundled tools:
  dev-certs         Create and manage development certificates.
  fsi               Start F# Interactive / execute F# scripts.
  user-jwts         Manage JSON Web Tokens in development.
  user-secrets      Manage development user secrets.
  watch             Start a file watcher that runs a command when files change.

Run 'dotnet [command] --help' for more information on a command.
PS C:\Users\Aditya> dotnet new -h
Description:
  Template Instantiation Commands for .NET CLI.

Usage:
  dotnet new [<template-short-name> [<template-args>...]] [options]
  dotnet new [command] [options]

Arguments:
  <template-short-name>  A short name of the template to create.
  <template-args>        Template specific options to use.

Options:
  -o, --output <output>    Location to place the generated output.
  -n, --name <name>        The name for the output being created. If no name is specified, the name of the output
                           directory is used.
  --dry-run                Displays a summary of what would happen if the given command line were run if it would
                           result in a template creation.
  --force                  Forces content to be generated even if it would change existing files.
  --no-update-check        Disables checking for the template package updates when instantiating a template.
  --project <project>      The project that should be used for context evaluation.
  -v, --verbosity <LEVEL>  Sets the verbosity level. Allowed values are q[uiet], m[inimal], n[ormal], and diag[nostic].
                           [default: normal]
  -d, --diagnostics        Enables diagnostic output.
  -?, -h, --help           Show command line help.

Commands:
  create <template-short-name> <template-args>  Instantiates a template with given short name. An alias of 'dotnet new
                                                <template name>'.
  install <package>                             Installs a template package.
  uninstall <package>                           Uninstalls a template package.
  update                                        Checks the currently installed template packages for update, and
                                                install the updates.
  search <template-name>                        Searches for the templates on NuGet.org.
  list <template-name>                          Lists templates containing the specified template name. If no name is
                                                specified, lists all templates.
  details <package-identifier>                  Provides the details for specified template package.
                                                      The command checks if the package is installed locally, if it was
                                                not found, it searches the configured NuGet feeds.

PS C:\Users\Aditya> dotnet lisst
Could not execute because the specified command or file was not found.
Possible reasons for this include:
  * You misspelled a built-in dotnet command.
  * You intended to execute a .NET program, but dotnet-lisst does not exist.
  * You intended to run a global tool, but a dotnet-prefixed executable with this name could not be found on the PATH.
PS C:\Users\Aditya> dotnet list
Required command was not provided.
Description:
  List references or packages of a .NET project.

Usage:
  dotnet list [<PROJECT | SOLUTION>] [command] [options]

Arguments:
  <PROJECT | SOLUTION>  The project or solution file to operate on. If a file is not specified, the command will search
                        the current directory for one. [default: C:\Users\Aditya\]

Options:
  -?, -h, --help  Show command line help.


Commands:
  package    List all package references of the project or solution.
  reference  List all project-to-project references of the project.


PS C:\Users\Aditya> dotnet new list
These templates matched your input:

Template Name                                 Short Name                  Language    Tags
--------------------------------------------  --------------------------  ----------  --------------------------
API Controller                                apicontroller               [C#]        Web/ASP.NET
ASP.NET Core Empty                            web                         [C#],F#     Web/Empty
ASP.NET Core gRPC Service                     grpc                        [C#]        Web/gRPC/API/Service
ASP.NET Core Web API                          webapi                      [C#],F#     Web/Web API/API/Service
ASP.NET Core Web API (native AOT)             webapiaot                   [C#]        Web/Web API/API/Service
ASP.NET Core Web App (Model-View-Controller)  mvc                         [C#],F#     Web/MVC
ASP.NET Core Web App (Razor Pages)            webapp,razor                [C#]        Web/MVC/Razor Pages
Blazor Web App                                blazor                      [C#]        Web/Blazor/WebAssembly
Blazor WebAssembly Standalone App             blazorwasm                  [C#]        Web/Blazor/WebAssembly/PWA
Class Library                                 classlib                    [C#],F#,VB  Common/Library
Console App                                   console                     [C#],F#,VB  Common/Console
dotnet gitignore file                         gitignore,.gitignore                    Config
Dotnet local tool manifest file               tool-manifest                           Config
EditorConfig file                             editorconfig,.editorconfig              Config
global.json file                              globaljson,global.json                  Config
MSBuild Directory.Build.props file            buildprops                              MSBuild/props
MSBuild Directory.Build.targets file          buildtargets                            MSBuild/props
MSTest Playwright Test Project                mstest-playwright           [C#]        Test/MSTest/Playwright
MSTest Test Project                           mstest                      [C#],F#,VB  Test/MSTest
MVC Controller                                mvccontroller               [C#]        Web/ASP.NET
MVC ViewImports                               viewimports                 [C#]        Web/ASP.NET
MVC ViewStart                                 viewstart                   [C#]        Web/ASP.NET
NuGet Config                                  nugetconfig,nuget.config                Config
NUnit 3 Test Item                             nunit-test                  [C#],F#,VB  Test/NUnit
NUnit 3 Test Project                          nunit                       [C#],F#,VB  Test/NUnit
NUnit Playwright Test Project                 nunit-playwright            [C#]        Test/NUnit/Playwright
Protocol Buffer File                          proto                                   Web/gRPC
Razor Class Library                           razorclasslib               [C#]        Web/Razor/Library
Razor Component                               razorcomponent              [C#]        Web/ASP.NET
Razor Page                                    page                        [C#]        Web/ASP.NET
Razor View                                    view                        [C#]        Web/ASP.NET
Solution File                                 sln,solution                            Solution
Web Config                                    webconfig                               Config
Windows Forms App                             winforms                    [C#],VB     Common/WinForms
Windows Forms Class Library                   winformslib                 [C#],VB     Common/WinForms
Windows Forms Control Library                 winformscontrollib          [C#],VB     Common/WinForms
Worker Service                                worker                      [C#],F#     Common/Worker/Web
WPF Application                               wpf                         [C#],VB     Common/WPF
WPF Class Library                             wpflib                      [C#],VB     Common/WPF
WPF Custom Control Library                    wpfcustomcontrollib         [C#],VB     Common/WPF
WPF User Control Library                      wpfusercontrollib           [C#],VB     Common/WPF
xUnit Test Project                            xunit                       [C#],F#,VB  Test/xUnit